C:\Users\zzh\git\J2EE_PROJECT\mvnw.cmd\src\main\java\com\springboot\service\MyUserDetailService.java
C:\Users\zzh\git\J2EE_PROJECT\mvnw.cmd\src\main\java\com\springboot\utils\ImageUtil.java
C:\Users\zzh\git\J2EE_PROJECT\mvnw.cmd\src\main\java\com\springboot\config\MyUserAuthenticationProvider.java
C:\Users\zzh\git\J2EE_PROJECT\mvnw.cmd\src\main\java\com\springboot\controller\ImageController.java
C:\Users\zzh\git\J2EE_PROJECT\mvnw.cmd\src\main\java\com\springboot\controller\AdminController.java
C:\Users\zzh\git\J2EE_PROJECT\mvnw.cmd\src\main\java\com\springboot\controller\ImageLogController.java
C:\Users\zzh\git\J2EE_PROJECT\mvnw.cmd\src\main\java\com\springboot\mapper\ImageLogMapper.java
C:\Users\zzh\git\J2EE_PROJECT\mvnw.cmd\src\main\java\com\springboot\controller\TableController.java
C:\Users\zzh\git\J2EE_PROJECT\mvnw.cmd\src\main\java\com\springboot\service\MyUserAuthenticationDetailsSource.java
C:\Users\zzh\git\J2EE_PROJECT\mvnw.cmd\src\main\java\com\springboot\mapper\TableMapper.java
C:\Users\zzh\git\J2EE_PROJECT\mvnw.cmd\src\main\java\com\springboot\domain\MyUserDetails.java
C:\Users\zzh\git\J2EE_PROJECT\mvnw.cmd\src\main\java\com\springboot\mapper\MyUserMapper.java
C:\Users\zzh\git\J2EE_PROJECT\mvnw.cmd\src\main\java\com\springboot\config\SecurityConfig.java
C:\Users\zzh\git\J2EE_PROJECT\mvnw.cmd\src\main\java\com\springboot\controller\UserController.java
C:\Users\zzh\git\J2EE_PROJECT\mvnw.cmd\src\main\java\com\springboot\domain\ImageLog.java
C:\Users\zzh\git\J2EE_PROJECT\mvnw.cmd\src\main\java\com\springboot\build\Application.java
C:\Users\zzh\git\J2EE_PROJECT\mvnw.cmd\src\main\java\com\springboot\domain\MyUser.java
C:\Users\zzh\git\J2EE_PROJECT\mvnw.cmd\src\main\java\com\springboot\mapper\ImageMapper.java
C:\Users\zzh\git\J2EE_PROJECT\mvnw.cmd\src\main\java\com\springboot\domain\Image.java
